// Jest Snapshot v1, https://goo.gl/fbAQLP

exports[`renders correctly 1`] = `
<div>
  <button
    className="Round-button"
    style={
      Object {
        "margin": "40px",
      }
    }
  />
</div>
`;
