// Jest Snapshot v1, https://goo.gl/fbAQLP

exports[`renders correctly 1`] = `
<div>
  <label
    style={
      Object {
        "fontSize": "48px",
      }
    }
  />
</div>
`;
